
> qtusdevmarket@0.1.0 build
> next build

  â–² Next.js 14.2.35
  - Environments: .env

   Creating an optimized production build ...
 âœ“ Compiled successfully
   Skipping linting
   Checking validity of types ...
node.exe : Failed to compile.
At line:1 char:1
+ & "C:\Program Files\nodejs/node.exe" "C:\Program 
Files\nodejs/node_mo ...
+ ~~~~~~~~~~~~~~~~~~~~~~~~~~~~~~~~~~~~~~~~~~~~~~~~~~~~~~~~~
~~~~~~~~~~~~
    + CategoryInfo          : NotSpecified: (Failed to com 
   pile.:String) [], RemoteException
    + FullyQualifiedErrorId : NativeCommandError
 

./app/api/purchases/bulk/route.ts:36:7
Type error: Type 'number' is not assignable to type 
'string'.

[0m [90m 34 |[39m     [36mconst[39m { 
createBulkPurchaseMySQL } [33m=[39m [36mawait[39m [36m
import[39m([32m'@/lib/database-mysql'[39m)[33m;[39m[0
m
[0m [90m 35 |[39m     [36mconst[39m result 
[33m=[39m [36mawait[39m createBulkPurchaseMySQL({[0m
[0m[31m[1m>[22m[39m[90m 36 |[39m       
userId[33m:[39m dbUserId[33m,[39m[0m
[0m [90m    |[39m       [31m[1m^[22m[39m[0m
[0m [90m 37 |[39m       items[33m:[39m 
items[33m.[39mmap((it[33m:[39m any) [33m=>[39m ({[0m
[0m [90m 38 |[39m         id[33m:[39m 
it[33m.[39mid[33m,[39m[0m
[0m [90m 39 |[39m         quantity[33m:[39m 
[33mMath[39m[33m.[39mmax([35m1[39m[33m,[39m 
[33mNumber[39m(it[33m.[39mquantity) [33m||[39m 
[35m1[39m)[0m
Next.js build worker exited with code: 1 and signal: null
