
> qtusdevmarket@0.1.0 build
> next build

  â–² Next.js 14.2.33
  - Environments: .env

   Creating an optimized production build ...
 âœ“ Compiled successfully
   Skipping linting
   Checking validity of types ...
   Collecting page data ...
node.exe : [2026-03-11T15:08:41.573Z] [WARN] S3 avatar upload disabled: missing credentials
At line:1 char:1
+ & "C:\Program Files\nodejs/node.exe" "C:\Program Files\nodejs/node_mo ...
+ ~~~~~~~~~~~~~~~~~~~~~~~~~~~~~~~~~~~~~~~~~~~~~~~~~~~~~~~~~~~~~~~~~~~~~
    + CategoryInfo          : NotSpecified: ([2026-03-11T15:...ing credentials:String)     
[], RemoteException
    + FullyQualifiedErrorId : NativeCommandError
 
   Generating static pages (0/78) ...
[2026-03-11T15:08:45.516Z] [INFO] Skipping PostgreSQL connection test via DATABASE_URL (build environment) {"isNetlify":false,"hasNetlifyDatabaseUrl":false}
[2026-03-11T15:08:45.525Z] [WARN] Admin verification failed {"error":"Dynamic server usage: 
Route /api/admin/verify couldn't be rendered statically because it used `request.cookies`. 
See more info here: https://nextjs.org/docs/messages/dynamic-server-error"}
   Generating static pages (19/78) 
[2026-03-11T15:08:46.188Z] [WARN] Firebase token verification failed {"error":"Dynamic server 
usage: Route /api/dashboard/orders couldn't be rendered statically because it used 
`request.headers`. See more info here: https://nextjs.org/docs/messages/dynamic-server-error"}
   Generating static pages (38/78) 
[2026-03-11T15:08:47.338Z] [WARN] Telegram credentials not configured
[2026-03-11T15:08:47.340Z] [WARN] Telegram credentials not configured
   Generating static pages (58/78) 
[2026-03-11T15:08:47.920Z] [WARN] S3 avatar upload disabled: missing credentials
 âœ“ Generating static pages (78/78)
   Finalizing page optimization ...
   Collecting build traces ...

Route (app)                              Size     First Load JS
â”Œ â—‹ /                                    17.1 kB         199 kB
â”œ â—‹ /_not-found                          880 B          89.2 kB
â”œ Æ’ /admin                               63 kB           326 kB
â”œ Æ’ /admin/login                         6.58 kB         117 kB
â”œ Æ’ /admin/sync-check                    6.01 kB         104 kB
â”œ Æ’ /api/admin-login                     0 B                0 B
â”œ Æ’ /api/admin/approve-deposit           0 B                0 B
â”œ Æ’ /api/admin/approve-withdrawal        0 B                0 B
â”œ Æ’ /api/admin/force-sync-user           0 B                0 B
â”œ Æ’ /api/admin/logout                    0 B                0 B
â”œ Æ’ /api/admin/notifications             0 B                0 B
â”œ Æ’ /api/admin/reset-user-password       0 B                0 B
â”œ Æ’ /api/admin/send-notification         0 B                0 B
â”œ Æ’ /api/admin/send-telegram             0 B                0 B
â”œ Æ’ /api/admin/verify                    0 B                0 B
â”œ Æ’ /api/ai/generate-description         0 B                0 B
â”œ Æ’ /api/ai/product-support              0 B                0 B
â”œ Æ’ /api/analytics/track                 0 B                0 B
â”œ Æ’ /api/auth-callback                   0 B                0 B
â”œ Æ’ /api/auth/[...nextauth]              0 B                0 B
â”œ Æ’ /api/change-password-fallback        0 B                0 B
â”œ Æ’ /api/chat                            0 B                0 B
â”œ â—‹ /api/check-deposits-schema           0 B                0 B
â”œ Æ’ /api/check-tables                    0 B                0 B
â”œ Æ’ /api/coupons                         0 B                0 B
â”œ Æ’ /api/coupons/apply                   0 B                0 B
â”œ Æ’ /api/dashboard/events                0 B                0 B
â”œ Æ’ /api/dashboard/orders                0 B                0 B
â”œ Æ’ /api/deposits                        0 B                0 B
â”œ Æ’ /api/get-user                        0 B                0 B
â”œ Æ’ /api/get-users                       0 B                0 B
â”œ Æ’ /api/health                          0 B                0 B
â”œ Æ’ /api/health/database                 0 B                0 B
â”œ Æ’ /api/login                           0 B                0 B
â”œ Æ’ /api/logs                            0 B                0 B
â”œ Æ’ /api/notifications                   0 B                0 B
â”œ Æ’ /api/notifications/[id]              0 B                0 B
â”œ Æ’ /api/notifications/send-global       0 B                0 B
â”œ Æ’ /api/products                        0 B                0 B
â”œ Æ’ /api/products/[id]                   0 B                0 B
â”œ Æ’ /api/products/[id]/download          0 B                0 B
â”œ Æ’ /api/products/ratings                0 B                0 B
â”œ Æ’ /api/products/search                 0 B                0 B
â”œ Æ’ /api/profile                         0 B                0 B
â”œ Æ’ /api/profile/2fa/disable             0 B                0 B
â”œ Æ’ /api/profile/2fa/setup               0 B                0 B
â”œ Æ’ /api/profile/2fa/verify              0 B                0 B
â”œ Æ’ /api/profile/avatar                  0 B                0 B
â”œ Æ’ /api/purchases                       0 B                0 B
â”œ Æ’ /api/referrals                       0 B                0 B
â”œ Æ’ /api/register                        0 B                0 B
â”œ Æ’ /api/request-password-reset          0 B                0 B
â”œ Æ’ /api/reset-password                  0 B                0 B
â”œ Æ’ /api/reviews                         0 B                0 B
â”œ Æ’ /api/save-notification               0 B                0 B
â”œ Æ’ /api/save-user                       0 B                0 B
â”œ Æ’ /api/save-user-pg                    0 B                0 B
â”œ Æ’ /api/save-users                      0 B                0 B
â”œ Æ’ /api/send-notification               0 B                0 B
â”œ Æ’ /api/send-telegram                   0 B                0 B
â”œ Æ’ /api/send-whatsapp                   0 B                0 B
â”œ Æ’ /api/settings                        0 B                0 B
â”œ Æ’ /api/sign-in-fallback                0 B                0 B
â”œ Æ’ /api/sign-in-social-fallback         0 B                0 B
â”œ Æ’ /api/sign-up-fallback                0 B                0 B
â”œ â—‹ /api/telegram-status                 0 B                0 B
â”œ Æ’ /api/telegram-webhook                0 B                0 B
â”œ â—‹ /api/test-notifications              0 B                0 B
â”œ Æ’ /api/test-whatsapp                   0 B                0 B
â”œ Æ’ /api/users                           0 B                0 B
â”œ Æ’ /api/verify-otp                      0 B                0 B
â”œ Æ’ /api/wishlist                        0 B                0 B
â”œ Æ’ /api/withdrawals                     0 B                0 B
â”œ â—‹ /auth/forgot-password                7.15 kB         124 kB
â”œ â—‹ /auth/login                          6.31 kB         131 kB
â”œ â—‹ /auth/register                       10.1 kB         135 kB
â”œ â—‹ /auth/reset-password                 1.2 kB         89.5 kB
â”œ â—‹ /cart                                8.51 kB         142 kB
â”œ â—‹ /categories                          6.94 kB         138 kB
â”œ â—‹ /checkout                            7.13 kB         141 kB
â”œ â—‹ /dashboard                           148 B          88.4 kB
â”œ â—‹ /dashboard/change-password           4.89 kB         138 kB
â”œ â—‹ /dashboard/orders                    1.85 kB         151 kB
â”œ â—‹ /dashboard/overview                  33 kB           320 kB
â”œ â—‹ /dashboard/security                  4.3 kB          137 kB
â”œ â—‹ /dashboard/wallet                    3.06 kB         159 kB
â”œ â—‹ /deposit                             15.5 kB         160 kB
â”œ â—‹ /privacy                             2.57 kB         133 kB
â”œ â—‹ /product-info                        8.38 kB         154 kB
â”œ Æ’ /product/[id]                        6.68 kB         151 kB
â”œ â—‹ /products                            7.39 kB         156 kB
â”œ â—‹ /support                             11.8 kB         156 kB
â”œ â—‹ /terms                               2.46 kB         133 kB
â”œ â—‹ /test-integration                    7.99 kB         103 kB
â”” â—‹ /withdraw                            10 kB           172 kB
+ First Load JS shared by all            88.3 kB
  â”œ chunks/2117-bc27dab4abda0bbb.js      31.9 kB
  â”œ chunks/fd9d1056-38f821b6bf952ec4.js  53.6 kB
  â”” other shared chunks (total)          2.77 kB


Æ’ Middleware                             25.8 kB

â—‹  (Static)   prerendered as static content
Æ’  (Dynamic)  server-rendered on demand

